开始批量仿真实验...
仿真实验完成。
NOTE (BREAKING): resolved_flag / Cognitive Correction Rate 口径为“post-test 通过”。历史实验结果不可直接横向对比。
Metrics calculated and saved to /data/zzc/agent_test/experiments/suite_2026-04-16_00-35-47/run_01/results/summary_metrics.csv
Created /data/zzc/agent_test/experiments/suite_2026-04-16_00-35-47/run_01/results/manual_audit.csv
找到 36 个会话，开始评估...
正在评估会话: sim_FSM_P1_M-ELE-001_0542f3 (13 轮对话)
  -> 苏格拉底度: 5, 有效性: 3
正在评估会话: sim_Baseline_P1_M-ELE-001_fe67d7 (13 轮对话)
  -> 苏格拉底度: 5, 有效性: 4
正在评估会话: sim_Baseline_P2_M-ELE-001_c63451 (5 轮对话)
  -> 苏格拉底度: 5, 有效性: 5
正在评估会话: sim_FSM+Guardrail_P1_M-ELE-001_46fcb5 (13 轮对话)
  -> 苏格拉底度: 4, 有效性: 4
正在评估会话: sim_FSM_P2_M-ELE-001_df2803 (7 轮对话)
  -> 苏格拉底度: 5, 有效性: 5
正在评估会话: sim_FSM+Guardrail_P2_M-ELE-001_343b1d (10 轮对话)
  -> 苏格拉底度: 5, 有效性: 5
正在评估会话: sim_Baseline_P3_M-ELE-001_c2fc09 (10 轮对话)
  -> 苏格拉底度: 5, 有效性: 5
正在评估会话: sim_FSM_P3_M-ELE-001_621cec (4 轮对话)
  -> 苏格拉底度: 5, 有效性: 5
正在评估会话: sim_FSM+Guardrail_P3_M-ELE-001_5a935c (6 轮对话)
  -> 苏格拉底度: 5, 有效性: 4
正在评估会话: sim_Baseline_P1_M-ELE-002_3e6abd (13 轮对话)
  -> 苏格拉底度: 5, 有效性: 2
正在评估会话: sim_FSM_P1_M-ELE-002_c7d655 (13 轮对话)
  -> 苏格拉底度: 4, 有效性: 3
正在评估会话: sim_Baseline_P2_M-ELE-002_b7be22 (4 轮对话)
  -> 苏格拉底度: 5, 有效性: 5
正在评估会话: sim_FSM+Guardrail_P1_M-ELE-002_b5eff9 (13 轮对话)
  -> 苏格拉底度: 5, 有效性: 4
正在评估会话: sim_FSM_P2_M-ELE-002_b13733 (5 轮对话)
  -> 苏格拉底度: 5, 有效性: 5
正在评估会话: sim_FSM+Guardrail_P2_M-ELE-002_dcfb58 (6 轮对话)
  -> 苏格拉底度: 5, 有效性: 5
正在评估会话: sim_Baseline_P3_M-ELE-002_ac2577 (10 轮对话)
  -> 苏格拉底度: 5, 有效性: 5
正在评估会话: sim_FSM_P3_M-ELE-002_30db4b (7 轮对话)
  -> 苏格拉底度: 5, 有效性: 5
正在评估会话: sim_FSM+Guardrail_P3_M-ELE-002_dc93bb (9 轮对话)
  -> 苏格拉底度: 5, 有效性: 5
正在评估会话: sim_Baseline_P1_M-BUO-001_78400f (13 轮对话)
  -> 苏格拉底度: 4, 有效性: 3
正在评估会话: sim_FSM_P1_M-BUO-001_35f12e (13 轮对话)
  -> 苏格拉底度: 5, 有效性: 4
正在评估会话: sim_FSM+Guardrail_P1_M-BUO-001_8581f8 (13 轮对话)
  -> 苏格拉底度: 5, 有效性: 4
正在评估会话: sim_Baseline_P2_M-BUO-001_0d5f98 (10 轮对话)
  -> 苏格拉底度: 5, 有效性: 5
正在评估会话: sim_FSM_P2_M-BUO-001_8a2239 (6 轮对话)
  -> 苏格拉底度: 5, 有效性: 5
正在评估会话: sim_FSM+Guardrail_P2_M-BUO-001_d547e6 (6 轮对话)
  -> 苏格拉底度: 5, 有效性: 5
正在评估会话: sim_Baseline_P3_M-BUO-001_f534dc (10 轮对话)
  -> 苏格拉底度: 5, 有效性: 5
正在评估会话: sim_FSM_P3_M-BUO-001_4d48a5 (6 轮对话)
  -> 苏格拉底度: 5, 有效性: 5
正在评估会话: sim_FSM+Guardrail_P3_M-BUO-001_01f0cb (7 轮对话)
  -> 苏格拉底度: 5, 有效性: 5
正在评估会话: sim_FSM_P1_M-BUO-002_b9a27b (13 轮对话)
  -> 苏格拉底度: 4, 有效性: 3
正在评估会话: sim_Baseline_P1_M-BUO-002_32cd4c (13 轮对话)
  -> 苏格拉底度: 5, 有效性: 4
正在评估会话: sim_Baseline_P2_M-BUO-002_7779b6 (6 轮对话)
  -> 苏格拉底度: 5, 有效性: 5
正在评估会话: sim_FSM+Guardrail_P1_M-BUO-002_ba4fb3 (13 轮对话)
  -> 苏格拉底度: 5, 有效性: 4
正在评估会话: sim_FSM_P2_M-BUO-002_40c140 (4 轮对话)
  -> 苏格拉底度: 5, 有效性: 5
正在评估会话: sim_Baseline_P3_M-BUO-002_709459 (13 轮对话)
  -> 苏格拉底度: 5, 有效性: 5
正在评估会话: sim_FSM+Guardrail_P2_M-BUO-002_6b70fc (4 轮对话)
  -> 苏格拉底度: 5, 有效性: 5
正在评估会话: sim_FSM_P3_M-BUO-002_e5072b (6 轮对话)
  -> 苏格拉底度: 5, 有效性: 5
正在评估会话: sim_FSM+Guardrail_P3_M-BUO-002_16e20e (6 轮对话)
  -> 苏格拉底度: 5, 有效性: 5
评估完成，结果已保存至 /data/zzc/agent_test/experiments/suite_2026-04-16_00-35-47/run_01/logs/evaluation_results.json
