开始批量仿真实验...
[1/36] Starting session: sim_Baseline_P1_M-ELE-001_db2a9b
[INFO] Initialized Session sim_Baseline_P1_M-ELE-001_db2a9b on Unknown for Unknown with version FSM+Guardrail
Student Opening: 老师，为什么串联电路里第一个灯泡比第二个亮？是不是因为电流被第一个灯泡用掉了一些，流到第二个灯泡的电流就变少了？
Teacher: 你提到电流被“用掉”，那电流最后去哪儿了呢？它会不会消失？
</think>你提到电流被“用掉”，那电流最后去哪儿了呢？它会不会消失？
Student: 电流就是被灯泡“消耗”掉了呀，就像水被喝掉一样，流到后面当然就变少了。
Teacher: 如果电流像水一样被喝掉，那它流到第二个灯泡之后，还能流回电池吗？
Student: 能流回去啊，但是回去的电流肯定变小了，因为已经被灯泡用掉一部分了。
Teacher: 那如果我们在第一个灯泡前、两个灯泡之间、第二个灯泡后都接上电流表，你觉得它们的读数会一样吗？
Student: 肯定不一样啊，第一个电流表读数最大，中间那个会小一点，最后一个最小。老师，你就直接告诉我结论吧！
Teacher: 我们换个方式想：假如一群人沿着环形跑道跑步，每经过一个打卡点都要举手示意一下，但人本身并没有减少。你觉得跑道上任何一处，单位时间内经过的人数会不同吗？
Student: 可是灯泡会发光发热啊，它肯定要消耗东西才能工作吧？电流就是被它消耗了，所以不一样。我还是觉得我的想法对。
Teacher: 你说得对，灯泡工作确实需要消耗能量。但你想过没有，如果电流真的在第一个灯泡那里被“消耗”掉一部分，那它怎么还能保持同样的速度流过后面的部分并回到电池呢？
Student: 嗯……可是如果电流没减少，那第二个灯泡为什么有时候看起来暗一些呢？物理太难了，我们聊点别的吧。
Teacher: 我们先把“电流”放一放，想想水流。如果一条水管上接了两个一模一样的水车，水流推动第一个水车后，你觉得流到第二个水车的水量会变少吗？
Student: 水量应该不会变少……但水车转起来会消耗水的能量啊。哦，等等，老师你的意思是电流其实像水量，而灯泡消耗的是电的“能量”？
Teacher: 对，这个类比很有启发性。那你现在觉得，在串联电路中，电流表测的更像我们刚才讨论的哪个量呢？
Student: 啊，我好像有点明白了……电流表测的是像“水量”一样的东西，所以读数应该是一样的？但灯泡消耗的是电能，不是电流本身？
Teacher: 你总结得很好。那如果按照这个想法，你觉得在一条串联了很多相同灯泡的电路里，灯泡的亮度应该有什么规律呢？
Student: 那……所有灯泡的亮度应该一样？因为它们得到的电流一样多，消耗的电能也一样？
Teacher: 你的推理听起来很合理。那如果我们在实际电路中看到所有灯泡亮度确实一样，是不是就印证了你刚才的想法呢？
Student: 嗯，如果实际看到它们亮度一样，那应该就是电流没被消耗……老师，我好像真的懂了，电流是不会被用掉的，它只是在回路里流动，灯泡消耗的是电能！
Teacher: 很好，你已经自己得出了关键结论。那你能不能再想想，为什么电流在串联电路中各处会相等呢？
Student: 因为电荷是守恒的，不能凭空消失，而且电路是闭合的，所以流进去多少就得流出来多少，每个地方都一样。
Session sim_Baseline_P1_M-ELE-001_db2a9b finished. Resolved: False
[2/36] Starting session: sim_FSM_P1_M-ELE-001_77fe70
[INFO] Initialized Session sim_FSM_P1_M-ELE-001_77fe70 on Unknown for Unknown with version FSM+Guardrail
Student Opening: 老师，我觉得电流经过灯泡后就会变少，所以串联时后面的灯泡会更暗。
Teacher: 如果电流真的被前面的灯泡用掉了一部分，那你想一下，为什么我们平时用电流表测串联电路时，不同位置的读数总是一样的呢？
Student: 可是电流表测的是流过去的电流啊，可能灯泡用掉了一部分，但剩下的才流过去被电流表测到。
Teacher: 嗯，你的想法很连贯。那顺着这个思路，如果电流真的会沿路减少，你觉得串联很多个相同灯泡时，应该会看到什么现象？
Student: 那后面的灯泡肯定会越来越暗，因为电流越来越少了。老师，物理太难了，我们聊点别的吧。
Teacher: 我不会直接给你标准答案，但我们可以一步一步想。如果把电流表分别接在串联电路中灯泡前后两个位置，读数应该怎样？为什么？
Student: 接在前面测到的电流大，接在后面测到的电流小。因为灯泡用掉了一部分电流啊。
Teacher: 好的，我理解你的想法。那我们来想一个生活中的例子：假设有一圈环形跑道，很多人以相同的速度在跑，他们跑过你面前时，你会看到人数变少吗？
Student: 不会变少，但电流和跑步的人不一样啊，电流是会被灯泡消耗的。老师，你就直接告诉我结论吧！
Teacher: 我先不直接代答，我们一起把关键关系想清楚。如果把电流表分别接在串联电路中灯泡前后两个位置，读数应该怎样？为什么？
Student: 我还是觉得前面的读数大，后面的读数小。因为电流被灯泡用掉了。
Teacher: 那我们换个角度想：如果电流真的像你说的那样，前面的灯泡用掉了一部分，导致后面的电流变小，那串联很多个相同的灯泡时，是不是应该第一个最亮，最后一个几乎不亮？
Student: 对啊，我就是这么想的。可是……好像实验里看到的又不是这样。
Teacher: 你注意到了实验现象和你的想法有矛盾，这非常好！这正是我们思考的关键。如果电流真的被“用掉”了，那它跑到哪里去了呢？
Student: 变成光和热了呀。所以电流就少了。我还是很困惑，老师你能再解释清楚点吗？
Teacher: 别急，我们一步步来。你想想，如果电流是“被消耗掉”的物质，那它从电源出来，经过灯泡，是不是就有一部分“消失”了？那电路还能是完整的闭合回路吗？
Student: 嗯……是完整的回路啊。但电流就是被用掉了，所以后面才变弱了。
Teacher: 卡在这里很正常。我们打个比方：假设有一群人，手拉手围成一个圈跑步，每个人跑得一样快。他们跑过你面前时，会消耗能量，人会变累，但他们的人数会因为跑步而减少吗？
Student: 人数不会减少……哦！所以电流就像人数，不会变少？那灯泡消耗的是什么呢？
Teacher: 对，人数不会凭空减少。那么，灯泡发光发热，消耗的到底是什么呢？想想看，是什么让这群人跑起来的？
Session sim_FSM_P1_M-ELE-001_77fe70 finished. Resolved: True
[3/36] Starting session: sim_FSM+Guardrail_P1_M-ELE-001_7382ce
[INFO] Initialized Session sim_FSM+Guardrail_P1_M-ELE-001_7382ce on Unknown for Unknown with version FSM+Guardrail
Student Opening: 老师，我觉得电流经过第一个灯泡之后，剩下的电流就变少了，所以第二个灯泡会更暗一些。
Teacher: 如果电流真的像你说的那样被第一个灯泡“用掉”了一部分，那它被用掉的部分去哪儿了呢？
Student: 电流就是被灯泡发光用掉了啊，就像水流过水车会变少一样。
Teacher: 那按照你的想法，电流从电池出发，经过第一个灯泡用掉一些，第二个灯泡再用掉一些……最后回到电池的电流还剩多少呢？
Student: 可能就剩一点点了吧……老师，物理太难了，我们聊点别的吧。
Teacher: 这题我不直接给结论，不过我可以陪你把思路搭出来。如果把电流表分别接在串联电路中灯泡前后两个位置，读数应该怎样？为什么？
Student: 接在前面电流大，接在后面电流小，因为电流被灯泡消耗了呀。
Teacher: 那如果我们在同一个串联电路里，同时接上两个电流表，一个在第一个灯泡前面，一个在第二个灯泡后面，你觉得两个表的读数会一样吗？
Student: 肯定不一样啊，后面的表读数会更小。老师，你就直接告诉我结论吧！
Teacher: 这题我不直接给结论，不过我可以陪你把思路搭出来。如果把电流表分别接在串联电路中灯泡前后两个位置，读数应该怎样？为什么？
Student: （重复之前的观点）接在前面电流大，接在后面电流小，因为电流被灯泡消耗了呀。
Teacher: 那如果我们在同一个串联电路里，同时接上两个电流表，一个在第一个灯泡前面，一个在第二个灯泡后面，你觉得两个表的读数会一样吗？
Student: 肯定不一样啊，后面的表读数会更小。老师，你就直接告诉我结论吧！
Teacher: 我先不直接代答，我们一起把关键关系想清楚。如果把电流表分别接在串联电路中灯泡前后两个位置，读数应该怎样？为什么？
Student: （固执地重复）接在前面电流大，接在后面电流小，因为电流被灯泡消耗了呀。
Teacher: 好，那我们换个角度想想：如果电流真的像水流一样被前面的灯泡“用掉”一部分，那么串联很多个相同灯泡时，后面的灯泡应该会越来越暗，对吗？
Student: 对啊，所以我觉得后面的灯泡就是会更暗。
Teacher: 那如果我们在实验室里实际搭建一个这样的串联电路，用很多相同的小灯泡，你觉得会看到“前亮后暗”的现象吗？
Student: 应该会吧……但我没试过。老师，你就直接告诉我答案吧，不然我还是很困惑。
Teacher: 我先不直接代答，我们一起把关键关系想清楚。如果把电流表分别接在串联电路中灯泡前后两个位置，读数应该怎样？为什么？
Student: （依然困惑）可是电流就是会被用掉啊……老师你能举个例子再解释一下吗？
Session sim_FSM+Guardrail_P1_M-ELE-001_7382ce finished. Resolved: False
[4/36] Starting session: sim_Baseline_P2_M-ELE-001_9d0e2f
[INFO] Initialized Session sim_Baseline_P2_M-ELE-001_9d0e2f on Unknown for Unknown with version FSM+Guardrail
Student Opening: 老师，为什么串联电路里第一个灯泡比第二个亮？是不是电流经过第一个灯泡时被用掉了一些，所以流到第二个灯泡的电流就变小了？
Teacher: “如果电流是电荷的流动，而电荷不会被创造或消灭，那么你认为电流在灯泡处真的会‘变少’吗？”

这可以引导他思考电荷守恒，电流是电荷的流动，电荷不会消失，所以电流也不会被“用掉”。

但要注意，学生可能没有电荷守恒的概念，所以这个问题可能有点难。不过，我可以后续再拆解。

或者，我可以从电路的整体性来问：“你觉得在串联电路中，电流从电池正极流出，最后回到负极，这个过程里电流的大小会改变吗？”

这更直观。

我选择后一种。

回复：“你想一想，电流从电池出发，经过两个灯泡后又回到电池。在这个过程中，你认为电流的大小会发生变化吗？”

这是一个清晰的问题，只针对一个变量，符合要求。

如果学生回答“会”或“不会”，我可以进一步引导。

现在，写出回复。
</think>

你想一想，电流从电池出发，经过两个灯泡后又回到电池。在这个过程中，你认为电流的大小会发生变化吗？
Student: 可是……电流在第一个灯泡那里不是做了功吗？做功肯定要消耗电流啊，所以流到第二个灯泡的电流应该就少了。不然能量从哪里来？
Teacher: “如果我们把电流想象成在一条环形跑道上跑步的人群，他们经过第一个休息站时做了些工作。你觉得跑过第一个休息站后，继续往前跑的人数会变少吗？”
</think>

如果我们把电流想象成在一条环形跑道上跑步的人群，他们经过第一个休息站时做了些工作。你觉得跑过第一个休息站后，继续往前跑的人数会变少吗？
Student: 嗯……如果是人群的话，人数应该不会变少，因为没人离开跑道。但是……电流和人群不一样吧？灯泡发光发热总要消耗点什么啊。老师，你就直接告诉我结论吧！
Teacher: “灯泡发光发热消耗的是电能，而不是电流本身。那电能是从哪里来的呢？电流在这个过程中扮演了什么角色？”
Student: 电能……是从电池来的？电流就像搬运工，把电能从电池搬到灯泡？那搬运工自己应该不会变少……啊，我有点乱了。
Teacher: “如果电流是搬运工，把电能从电池搬到灯泡。那么，当第一个灯泡消耗了电能后，搬运工的数量会减少吗？他们还能继续把剩下的电能搬到第二个灯泡吗？”
Student: 搬运工数量应该不变……那为什么有时候串联的灯泡会一个亮一个暗呢？是不是因为电能被第一个用完了，第二个就没电了？
Teacher: “好问题！如果电能被第一个灯泡用完了，那为什么两个灯泡都会亮呢？我们换个角度想：如果电池提供的电能是固定的，那么两个灯泡是平分这些电能，还是各自得到全部的电能？”
Student: 平分？那每个灯泡得到的电能就少了，所以都比单独接的时候暗……哦！所以电流大小其实没变，只是每个灯泡分到的电压变小了？
Teacher: “没错！你已经很接近了。那么，在串联电路中，电流大小不变，但每个灯泡分到的电压会如何变化？这和我们最初讨论的‘电流被消耗’的想法有什么不同呢？”
Student: 所以电流其实没被灯泡“用掉”，它一直在回路里大小不变。是电压被分走了，每个灯泡得到的电压小了，所以看起来暗了……我好像有点明白了。
Teacher: “很好！你已经自己理清了关键点。那么，如果现在让你向另一个有同样困惑的同学解释，你会怎么用搬运工的比喻来说明电流和电压的区别呢？”
Student: 我会说：电流就像一群数量不变的搬运工在跑圈，电压就像他们每次搬的“能量包裹”大小。串联时电池给的包裹总数固定，每个灯泡分到的包裹就小了，所以变暗，但搬运工人数一直没变！
Teacher: “这个比喻非常形象！你已经完全理解了串联电路中电流和电压的关系。现在，你能用这个搬运工的比喻，解释一下为什么在并联电路中，每个灯泡都能和单独接时一样亮吗？”
Student: 呃……物理太难了，我们聊点别的吧？我刚刚才弄懂串联，并联又不一样了……
Teacher: “没关系，我们慢慢来。既然你已经理解了串联，那我们先休息一下。等你准备好了，我们可以从你刚才的搬运工比喻出发，想想如果搬运工们不是跑同一个圈，而是可以同时跑不同的路，情况会有什么不同呢？”
Student: 哦！如果有多条路，搬运工就可以分开跑，每条路上的搬运工都能从电池那里直接拿到完整的“能量包裹”……所以每个灯泡都能和单独接的时候一样亮？
Teacher: “没错！你已经自己推理出了并联电路的关键特征。那么，根据这个比喻，你觉得在并联电路中，干路上的总电流和每条支路上的电流之间，会是什么关系呢？”
Student: 干路上的搬运工总数，应该等于各条支路上搬运工数量的总和？因为电池要派出足够的人去每条路。
Session sim_Baseline_P2_M-ELE-001_9d0e2f finished. Resolved: False
[5/36] Starting session: sim_FSM_P2_M-ELE-001_ab451a
[INFO] Initialized Session sim_FSM_P2_M-ELE-001_ab451a on Unknown for Unknown with version FSM+Guardrail
Student Opening: 老师，我觉得电流经过第一个灯泡后，剩下的电流就变少了，所以第二个灯泡会更暗一些。
Teacher: 如果电流真的被第一个灯泡“用掉”了一部分，那为什么在串联电路中，所有灯泡的亮度看起来是一样的呢？
Student: 啊？可是……我看到的实验里灯泡确实一样亮。那是不是因为电流减少得不多，所以看不出来？
Teacher: 别着急，我们换个角度想想。如果电流真的像水一样被第一个灯泡“喝掉”了一部分，那串联的灯泡越多，后面的灯泡应该越暗，对吧？
Student: 对呀，我就是这么想的！但实验好像不是这样……老师，那到底是怎么回事啊？
Teacher: 别灰心，这个问题确实容易让人困惑。我们打个比方：如果一群人沿着环形跑道跑步，每个人跑的速度都一样，那经过任何一个点的人数会变少吗？
Student: 哦……好像不会变少。但电流和跑步的人不一样吧？灯泡总要用电的呀。
Teacher: 灯泡确实在“用电”，但你想，如果跑步的人经过一个需要能量的站点，他们是会消失，还是只是消耗了能量，但人继续往前跑呢？
Student: 啊！我有点明白了……所以电流其实没被“用掉”，只是能量被灯泡转化了？那电流到底是什么啊？
Teacher: 这个发现很棒！你已经接近关键了。既然电流没有被“用掉”，那它在一个闭合的回路里，是怎么流动的呢？
Session sim_FSM_P2_M-ELE-001_ab451a finished. Resolved: True
[6/36] Starting session: sim_FSM+Guardrail_P2_M-ELE-001_26ea6d
[INFO] Initialized Session sim_FSM+Guardrail_P2_M-ELE-001_26ea6d on Unknown for Unknown with version FSM+Guardrail
Student Opening: 老师，为什么串联电路里前面的灯泡比后面的亮？是不是因为电流被前面的灯泡用掉了一些，流到后面就变少了？
Teacher: 你是在实际的电路实验中看到前面的灯泡更亮，还是根据你的想法推测出来的呢？
Student: 我是这么想的。电流从电池出来，先经过第一个灯泡，被它用掉一部分，剩下的再流到第二个灯泡，所以第二个得到的少，就暗一些。
Teacher: 如果电流真的像你说的那样被前面的灯泡“用掉”了一些，那你想一想，电流表如果分别接在第一个灯泡前面和第二个灯泡后面，读数会一样吗？
Student: 嗯……我觉得接在第一个灯泡前面时电流表测到的电流大，接在第二个灯泡后面时测到的电流小。因为中间被灯泡消耗了嘛。
Teacher: 那如果我们在实验室里真的这样测，而且用的是完全相同的灯泡，你猜猜看，两个电流表的读数会是什么关系？
Student: 应该不一样吧？前面的读数大，后面的读数小。老师，我们能不能直接做实验看看？
Teacher: 当然可以。不过在做实验之前，我们先换个角度想想：如果电流真的像水流一样被“用掉”了，那串联很多个相同灯泡的时候，是不是应该第一个最亮，最后一个几乎不亮？
Student: 对啊，我就是这么觉得的。但是……好像我玩的小彩灯串联起来，每个都差不多亮？这有点说不通……老师，你就直接告诉我结论吧！
Teacher: 这题我不直接给结论，不过我可以陪你把思路搭出来。如果把电流表分别接在串联电路中灯泡前后两个位置，读数应该怎样？为什么？
Student: 啊……如果读数一样，那就说明电流没被消耗？可是灯泡明明亮了呀，能量从哪来的？我有点乱了。
Teacher: 卡在这里很正常，这说明你思考得很深入。我们先把“电流”和“能量”分开来想，好吗？你觉得，灯泡发光发热，消耗的到底是什么东西？
Student: 消耗的是……电能？哦，我好像有点明白了，电流是不是只是搬运能量的？那它自己不会被用掉？
Teacher: 这个比喻很妙。如果电流是搬运工，那它把什么“货物”运给了灯泡呢？这个“货物”在电路中是怎么被消耗掉的？
Session sim_FSM+Guardrail_P2_M-ELE-001_26ea6d finished. Resolved: True
[7/36] Starting session: sim_Baseline_P3_M-ELE-001_40ce5b
[INFO] Initialized Session sim_Baseline_P3_M-ELE-001_40ce5b on Unknown for Unknown with version FSM+Guardrail
Student Opening: 老师，为什么串联电路里第一个灯泡比第二个亮啊？是不是电流被第一个灯泡用掉了一些，所以流到第二个灯泡的电流就变少了？
Teacher: “你觉得电流本身是一种会被‘用掉’的东西吗？比如像电池里的电那样？” 这可以让学生区分电流和电能。

但可能不够直接。另一个想法：“如果电流真的变少了，那减少的电流去哪儿了呢？是变成光了吗？” 这更直接。

我选择后者，因为它更贴近学生的迷思。

所以回复：“如果电流真的被第一个灯泡‘用掉’了一些，那这些电流去哪儿了呢？是变成光了吗？”
</think>如果电流真的被第一个灯泡“用掉”了一些，那这些电流去哪儿了呢？是变成光了吗？
Student: 嗯……我觉得电流可能变成光和热了吧？不然灯泡怎么会亮呢？
Teacher: 那如果电流真的变成了光和热，那它还能继续往前流动吗？
Student: 啊？那……那它是不是就留在灯泡里了？所以后面的灯泡得到的电流就少了。老师，物理太难了，我们聊点别的吧。
Teacher: 别急，我们换个方式想想。你见过公园里环形跑道上的跑步比赛吗？如果所有选手都保持同样的速度跑圈，那跑在前面的人，会“消耗”掉速度，让后面的人变慢吗？
Student: 可是跑步的人又不会发光发热……灯泡是要消耗东西才能亮的啊。老师，你就直接告诉我结论吧！
Teacher: 我理解你的困惑。那我们先放下电流，换个角度：你觉得灯泡发光发热，消耗的是电池里的什么东西呢？
Student: 消耗的是……电？就是电池里储存的那种能量？
Teacher: 对，这个方向很好！那如果消耗的是电能，而不是电流本身，你觉得电流在电路里扮演的是什么角色呢？
Student: 电流……是不是就像送能量的快递员？把电能从电池送到灯泡？
Teacher: 这个比喻很有意思！如果电流是“快递员”，那它在把“包裹”送到第一个灯泡后，自己会消失吗？它还能继续去送第二个包裹吗？
Student: 哦……所以快递员送完包裹应该还在，可以继续送？那电流是不是也不会减少？
Teacher: 正是这个思路！那么，如果电流这个“快递员”在串联电路中不会减少，你觉得我们之前关于“电流被灯泡用掉”的想法，哪里可能需要再想一想呢？
Student: 可是……如果电流不会减少，那为什么有时候串联的灯泡亮度不一样呢？我还是有点搞不清楚。
Teacher: 这是个很棒的观察！我们先把“电流会不会减少”放一放，换个角度想想：如果电流真的像水流一样在一条水管里流动，当它流过一个狭窄的地方时，水流的速度会改变吗？
Student: 会变慢吧……啊！所以电流可能不会变少，但是会变慢？
Teacher: 你抓住了关键！在串联电路中，电流确实不会“变少”，但你说的“变慢”其实更接近“变小”的意思。那么，你觉得是什么让电流“变小”了呢？是灯泡本身，还是别的什么？
Student: 是灯泡让电流变小了？因为灯泡有电阻？
Teacher: 完全正确！灯泡的电阻确实会让电流变小。那么，既然电流在串联电路中各处大小相同，而每个灯泡的电阻又不同，你觉得这会对灯泡的亮度产生什么影响呢？
Student: 哦……所以电流大小是一样的，但是电阻大的灯泡会更亮？因为……它把更多的电能转化成了光？
Session sim_Baseline_P3_M-ELE-001_40ce5b finished. Resolved: False
[8/36] Starting session: sim_FSM_P3_M-ELE-001_87c049
[INFO] Initialized Session sim_FSM_P3_M-ELE-001_87c049 on Unknown for Unknown with version FSM+Guardrail
Student Opening: 老师，为什么串联电路里第一个灯泡比第二个亮啊？是不是电流被第一个灯泡用掉了一些，流到第二个灯泡的电流就变少了？
Teacher: 嗯，你提到第一个灯泡更亮，是因为你觉得电流像水流一样，流经第一个灯泡后，剩下的才流到第二个，对吗？
Student: 对呀，就像水龙头的水流过第一个杯子，再流到第二个杯子，第二个杯子里的水肯定变少了嘛。
Teacher: 你的水流类比很有意思。那如果水流真的在第一个杯子那里减少了，为什么水管里每个地方的水流速度还是一样的呢？
Student: 啊？可是……水龙头开得一样大，水流速度怎么会一样呢？第一个灯泡明明把电流用掉了呀。老师，你能举个例子吗？
Teacher: 别急，我们换个方式想想。如果电流真的像水一样被第一个灯泡“用掉”一部分，那在串联很多个相同灯泡时，第一个应该最亮，最后一个几乎不亮，对吗？
Student: 对啊，我就是这么想的！但好像……我家里小彩灯串起来的时候，每个灯泡都差不多亮？这是为什么啊……物理太难了，我们聊点别的吧。
Teacher: 我不会直接给你标准答案，但我们可以一步一步想。如果把电流表分别接在串联电路中灯泡前后两个位置，读数应该怎样？为什么？
Student: 接在前面电流表测到的电流大，接在后面测到的电流小吧？因为电流被灯泡消耗了呀。
Teacher: 嗯，这个想法很自然。那如果我们真的做这个实验，把电流表分别接在第一个灯泡前和最后一个灯泡后，你猜猜两个读数会是什么关系？
Student: 我猜……前面的读数大，后面的小？老师，你就直接告诉我结论吧！
Teacher: 我先不直接代答，我们一起把关键关系想清楚。为什么说灯泡把电能转成了光和热，而不能说它把电流本身消耗掉了？
Student: 电能……电流……我有点分不清。电流不是带着能量在电线里跑吗？灯泡把它用掉了，电流不就少了吗？
Teacher: 这个比喻挺有意思。那你想一下，如果电流像水流一样在管子里流动，灯泡像水车，水车转动时，是水流本身变少了，还是水流带着的能量被水车用掉了？
Student: 哦……水车转动的时候，水流还是那么多水流过去，只是水的能量被用掉了？那电流也是这样吗？
Teacher: 对，这个类比很接近了。那再想一步：如果水流本身没变少，那在水管的不同位置测水流速度，应该一样吗？
Session sim_FSM_P3_M-ELE-001_87c049 finished. Resolved: True
[9/36] Starting session: sim_FSM+Guardrail_P3_M-ELE-001_a935cd
[INFO] Initialized Session sim_FSM+Guardrail_P3_M-ELE-001_a935cd on Unknown for Unknown with version FSM+Guardrail
Student Opening: 老师，为什么串联电路里前面的灯泡比后面的亮啊？是不是电流被前面的灯泡用掉了一些，流到后面就变少了？
Teacher: 一个清晰的问题，探查他关于电流被“用掉”的具体想法。
</think>

你觉得电流被灯泡“用掉”是什么意思？是像水被喝掉那样消失了吗？
Student: 嗯……就是感觉电流流过去的时候，灯泡把它“用”来发光了，所以后面的灯泡得到的就少了，就像水流过水车一样，水车用掉了一些水。
Teacher: 这个水车的比喻很有意思，我们顺着它想想看。如果水流过第一个水车后变少了，那流到第二个水车的水量确实会减少。但你想一下，在一个完全封闭的环形水管里，水是不断循环流动的，水车只是让水流过它做功，水本身并没有被“消耗”掉。你觉得电流在电线里流动，更像哪一种情况呢？
Student: 啊？封闭的环形水管……那水是一直在转圈吗？可是电不是从电池正极流到负极就停了吗？电池里的电用完了怎么办？
Teacher: 你问到了关键！电池里的化学物质反应完了，电就“用完”了。这就像环形水管里有个水泵，水泵没油了，水就不流了。但在这个水泵还能工作的时候，水管里的水是连续循环流动的。那么，你觉得在电池还有电的时候，电流在电线里是像水流过水车那样被“消耗”掉，还是像在环形水管里那样“循环流动”呢？
Student: 可是……如果电流是循环的，那为什么前面的灯泡会更亮呢？它肯定多用了点什么吧？老师，你就直接告诉我结论吧！
Teacher: 我先不直接代答，我们一起把关键关系想清楚。如果把电流表分别接在串联电路中灯泡前后两个位置，读数应该怎样？为什么？
Student: 接在前面和后面……电流表读数？嗯……我觉得前面的读数会大一点，因为电流刚出来还没被用掉。后面的读数应该小一些。
Teacher: 你的想法很符合直觉。那我们来做个思想实验：如果像你说的，电流表在灯泡前后测出的电流大小不同，那这两个读数之间会有什么关系呢？比如，后面的读数会比前面的小一个固定的量，还是会按比例减少？
Student: 应该是……用掉一点就少一点吧？后面的比前面的小。但具体怎么少……物理太难了，我们聊点别的吧。
Teacher: 我先不直接代答，我们一起把关键关系想清楚。为什么说灯泡把电能转成了光和热，而不能说它把电流本身消耗掉了？
Student: 电能和电流不一样吗？电流不就是电在流动吗？它流动的时候带着能量，然后能量被灯泡用了……那电流自己呢？它是不是就变少了？我还是好乱啊。
Teacher: 没关系，这个问题确实有点绕，很多人都卡在这里。我们换个方式想：如果电流像水流一样在管子里循环流动，推动水车发电，水车转动消耗的是水的能量，但水流本身会变少吗？
Student: 水车消耗了水的能量……但水还是那么多水在流？哦……所以灯泡消耗的是电能，不是电流本身？那电流到底是什么啊？
Teacher: 这个类比能帮你理清一些。电流描述的是电荷流动的快慢，就像水流描述水流动的快慢。那么，在一条串联的闭合水管里，不同位置的水流速度会不一样吗？
Session sim_FSM+Guardrail_P3_M-ELE-001_a935cd finished. Resolved: True
[10/36] Starting session: sim_Baseline_P1_M-ELE-002_69971d
[INFO] Initialized Session sim_Baseline_P1_M-ELE-002_69971d on Unknown for Unknown with version FSM+Guardrail
Student Opening: 老师，为什么我把电池正极和灯泡用导线连起来，灯泡不亮啊？
Teacher: 你有没有注意到，灯泡除了连接电池正极的那根导线，还有另一个接触点也需要连接呢？
Student: 可是老师，电池正极的电不是已经“送”到灯泡里了吗？它应该亮才对啊。
Teacher: 你觉得电从电池正极“送”到灯泡里之后，它去哪儿了呢？
Student: 电……电就在灯泡里用掉了啊，所以灯泡才发光。老师，你就直接告诉我结论吧！
Teacher: 想象一下，如果用水管把水从水龙头接到一个水轮上，水冲一下水轮，但水没有流回水池，而是堵在那里，水轮还能一直转吗？
Student: 水轮……可能转一下就停了。但电和水不一样吧？电是能量，能量用掉不就行了吗？
Teacher: 那我们来想想，如果电是能量，它被灯泡“用掉”之后，电池里的电是不是就越来越少，直到用完？
Student: 对啊，电池用完就没电了。所以只要电池有电，灯泡就能亮，为什么非要连另一头呢？
Teacher: 如果电池的电真的被“用掉”了，那用掉的电去哪里了呢？它还在灯泡里吗？
Student: 呃……可能变成光和热了？老师，物理太难了，我们聊点别的吧。
Teacher: 别着急，我们换个方式想：如果能量变成光和热散出去了，那电池里剩下的电怎么跑到灯泡里来呢？中间的路通不通？
Student: 路……不是有导线连着吗？电池正极到灯泡，路是通的啊。
Teacher: 那如果只连正极，电从正极流到灯泡，变成光和热散出去了，那电还怎么回到电池的负极呢？
Student: 为什么一定要回到负极？电不是用掉就完了吗？我还是不太明白。
Teacher: 我们打个比方：你有一桶水，想用水车磨面粉，是把水倒在水车上流走就完了，还是得让水流回桶里，才能循环使用？
Student: 水流走了就没了啊……哦，等等，你是说电也得有个“回路”才能一直流动？
Teacher: 对，你提到“回路”这个词了。那现在你觉得，只把灯泡接到电池一端，能形成让电一直流动的“回路”吗？